Archive member included to satisfy reference by file (symbol)

/usr/lib/gcc/arm-none-eabi/14.2.1/../../../arm-none-eabi/lib/thumb/v7e-m+fp/hard/libc_nano.a(libc_a-errno.o)
                              build/syscalls.o (__errno)
/usr/lib/gcc/arm-none-eabi/14.2.1/../../../arm-none-eabi/lib/thumb/v7e-m+fp/hard/libc_nano.a(libc_a-init.o)
                              /usr/lib/gcc/arm-none-eabi/14.2.1/../../../arm-none-eabi/lib/thumb/v7e-m+fp/hard/crt0.o (__libc_init_array)
/usr/lib/gcc/arm-none-eabi/14.2.1/../../../arm-none-eabi/lib/thumb/v7e-m+fp/hard/libc_nano.a(libc_a-memset.o)
                              /usr/lib/gcc/arm-none-eabi/14.2.1/../../../arm-none-eabi/lib/thumb/v7e-m+fp/hard/crt0.o (memset)
/usr/lib/gcc/arm-none-eabi/14.2.1/../../../arm-none-eabi/lib/thumb/v7e-m+fp/hard/libc_nano.a(libc_a-memcpy.o)
                              build/mbfuncother.o (memcpy)
/usr/lib/gcc/arm-none-eabi/14.2.1/../../../arm-none-eabi/lib/thumb/v7e-m+fp/hard/libc_nano.a(libc_a-impure.o)
                              /usr/lib/gcc/arm-none-eabi/14.2.1/../../../arm-none-eabi/lib/thumb/v7e-m+fp/hard/libc_nano.a(libc_a-errno.o) (_impure_ptr)
/usr/lib/gcc/arm-none-eabi/14.2.1/../../../arm-none-eabi/lib/thumb/v7e-m+fp/hard/libc_nano.a(libc_a-exit.o)
                              /usr/lib/gcc/arm-none-eabi/14.2.1/../../../arm-none-eabi/lib/thumb/v7e-m+fp/hard/crt0.o (exit)
/usr/lib/gcc/arm-none-eabi/14.2.1/../../../arm-none-eabi/lib/thumb/v7e-m+fp/hard/libc_nano.a(libc_a-atexit.o)
                              /usr/lib/gcc/arm-none-eabi/14.2.1/../../../arm-none-eabi/lib/thumb/v7e-m+fp/hard/crt0.o (atexit)
/usr/lib/gcc/arm-none-eabi/14.2.1/../../../arm-none-eabi/lib/thumb/v7e-m+fp/hard/libc_nano.a(libc_a-fini.o)
                              /usr/lib/gcc/arm-none-eabi/14.2.1/../../../arm-none-eabi/lib/thumb/v7e-m+fp/hard/crt0.o (__libc_fini_array)
/usr/lib/gcc/arm-none-eabi/14.2.1/../../../arm-none-eabi/lib/thumb/v7e-m+fp/hard/libc_nano.a(libc_a-findfp.o)
                              /usr/lib/gcc/arm-none-eabi/14.2.1/../../../arm-none-eabi/lib/thumb/v7e-m+fp/hard/libc_nano.a(libc_a-exit.o) (__stdio_exit_handler)
/usr/lib/gcc/arm-none-eabi/14.2.1/../../../arm-none-eabi/lib/thumb/v7e-m+fp/hard/libc_nano.a(libc_a-fflush.o)
                              /usr/lib/gcc/arm-none-eabi/14.2.1/../../../arm-none-eabi/lib/thumb/v7e-m+fp/hard/libc_nano.a(libc_a-findfp.o) (_fflush_r)
/usr/lib/gcc/arm-none-eabi/14.2.1/../../../arm-none-eabi/lib/thumb/v7e-m+fp/hard/libc_nano.a(libc_a-mallocr.o)
                              /usr/lib/gcc/arm-none-eabi/14.2.1/../../../arm-none-eabi/lib/thumb/v7e-m+fp/hard/libc_nano.a(libc_a-findfp.o) (_malloc_r)
/usr/lib/gcc/arm-none-eabi/14.2.1/../../../arm-none-eabi/lib/thumb/v7e-m+fp/hard/libc_nano.a(libc_a-freer.o)
                              /usr/lib/gcc/arm-none-eabi/14.2.1/../../../arm-none-eabi/lib/thumb/v7e-m+fp/hard/libc_nano.a(libc_a-fflush.o) (_free_r)
/usr/lib/gcc/arm-none-eabi/14.2.1/../../../arm-none-eabi/lib/thumb/v7e-m+fp/hard/libc_nano.a(libc_a-fwalk.o)
                              /usr/lib/gcc/arm-none-eabi/14.2.1/../../../arm-none-eabi/lib/thumb/v7e-m+fp/hard/libc_nano.a(libc_a-findfp.o) (_fwalk_sglue)
/usr/lib/gcc/arm-none-eabi/14.2.1/../../../arm-none-eabi/lib/thumb/v7e-m+fp/hard/libc_nano.a(libc_a-__atexit.o)
                              /usr/lib/gcc/arm-none-eabi/14.2.1/../../../arm-none-eabi/lib/thumb/v7e-m+fp/hard/libc_nano.a(libc_a-atexit.o) (__register_exitproc)
/usr/lib/gcc/arm-none-eabi/14.2.1/../../../arm-none-eabi/lib/thumb/v7e-m+fp/hard/libc_nano.a(libc_a-mlock.o)
                              /usr/lib/gcc/arm-none-eabi/14.2.1/../../../arm-none-eabi/lib/thumb/v7e-m+fp/hard/libc_nano.a(libc_a-mallocr.o) (__malloc_lock)
/usr/lib/gcc/arm-none-eabi/14.2.1/../../../arm-none-eabi/lib/thumb/v7e-m+fp/hard/libc_nano.a(libc_a-sbrkr.o)
                              /usr/lib/gcc/arm-none-eabi/14.2.1/../../../arm-none-eabi/lib/thumb/v7e-m+fp/hard/libc_nano.a(libc_a-mallocr.o) (_sbrk_r)
/usr/lib/gcc/arm-none-eabi/14.2.1/../../../arm-none-eabi/lib/thumb/v7e-m+fp/hard/libc_nano.a(libc_a-stdio.o)
                              /usr/lib/gcc/arm-none-eabi/14.2.1/../../../arm-none-eabi/lib/thumb/v7e-m+fp/hard/libc_nano.a(libc_a-findfp.o) (__sread)
/usr/lib/gcc/arm-none-eabi/14.2.1/../../../arm-none-eabi/lib/thumb/v7e-m+fp/hard/libc_nano.a(libc_a-readr.o)
                              /usr/lib/gcc/arm-none-eabi/14.2.1/../../../arm-none-eabi/lib/thumb/v7e-m+fp/hard/libc_nano.a(libc_a-stdio.o) (_read_r)
/usr/lib/gcc/arm-none-eabi/14.2.1/../../../arm-none-eabi/lib/thumb/v7e-m+fp/hard/libc_nano.a(libc_a-writer.o)
                              /usr/lib/gcc/arm-none-eabi/14.2.1/../../../arm-none-eabi/lib/thumb/v7e-m+fp/hard/libc_nano.a(libc_a-stdio.o) (_write_r)
/usr/lib/gcc/arm-none-eabi/14.2.1/../../../arm-none-eabi/lib/thumb/v7e-m+fp/hard/libc_nano.a(libc_a-closer.o)
[...]
Memory Configuration

Name             Origin             Length             Attributes
RAM              0x20000000         0x00020000         xrw
FLASH            0x08000000         0x00080000         xr
*default*        0x00000000         0xffffffff

Linker script and memory map

LOAD /usr/lib/gcc/arm-none-eabi/14.2.1/thumb/v7e-m+fp/hard/crti.o
LOAD /usr/lib/gcc/arm-none-eabi/14.2.1/thumb/v7e-m+fp/hard/crtbegin.o
LOAD /usr/lib/gcc/arm-none-eabi/14.2.1/../../../arm-none-eabi/lib/thumb/v7e-m+fp/hard/crt0.o
LOAD build/main.o
LOAD build/system_stm32f4xx.o
LOAD build/delay.o
LOAD build/usart.o
LOAD build/clock.o
LOAD build/rs485.o
LOAD build/modbus_port.o
LOAD build/syscalls.o
LOAD build/mb.o
LOAD build/mbutils.o
LOAD build/mbfuncother.o
LOAD build/mbfuncholding.o
LOAD build/mbfuncinput.o
LOAD build/mbfunccoils.o
LOAD build/mbfuncdisc.o
LOAD build/mbcrc.o
LOAD build/mbrtu.o
LOAD build/user_mb_app.o
LOAD build/startup_stm32f411xe.o
START GROUP
LOAD /usr/lib/gcc/arm-none-eabi/14.2.1/thumb/v7e-m+fp/hard/libgcc.a
LOAD /usr/lib/gcc/arm-none-eabi/14.2.1/../../../arm-none-eabi/lib/thumb/v7e-m+fp/hard/libc_nano.a
END GROUP
START GROUP
LOAD /usr/lib/gcc/arm-none-eabi/14.2.1/thumb/v7e-m+fp/hard/libgcc.a
LOAD /usr/lib/gcc/arm-none-eabi/14.2.1/../../../arm-none-eabi/lib/thumb/v7e-m+fp/hard/libc_nano.a
END GROUP
LOAD /usr/lib/gcc/arm-none-eabi/14.2.1/thumb/v7e-m+fp/hard/crtend.o
LOAD /usr/lib/gcc/arm-none-eabi/14.2.1/thumb/v7e-m+fp/hard/crtn.o
                0x20020000                        _estack = (ORIGIN (RAM) + LENGTH (RAM))
                0x00000200                        _Min_Heap_Size = 0x200
                0x00000400                        _Min_Stack_Size = 0x400

.isr_vector     0x08000000      0x198
                0x08000000                        . = ALIGN (0x4)
 *(.isr_vector)
 .isr_vector    0x08000000      0x198 build/startup_stm32f411xe.o
                0x08000000                g_pfnVectors
                0x08000198                        . = ALIGN (0x4)

.text           0x08000198     0x1be0
                0x08000198                        . = ALIGN (0x4)
 *(.text)
 .text          0x08000198       0x88 /usr/lib/gcc/arm-none-eabi/14.2.1/thumb/v7e-m+fp/hard/crtbegin.o
 .text          0x08000220       0x50 /usr/lib/gcc/arm-none-eabi/14.2.1/../../../arm-none-eabi/lib/thumb/v7e-m+fp/hard/libc_nano.a(libc_a-init.o)
                0x08000220                __libc_init_array
 .text          0x08000270      0x134 /usr/lib/gcc/arm-none-eabi/14.2.1/../../../arm-none-eabi/lib/thumb/v7e-m+fp/hard/libc_nano.a(libc_a-memcpy.o)
                0x08000270                memcpy
 *(.text*)
 .text.main     0x080003a4       0x60 build/main.o
                0x080003a4                main
 .text.SystemInit
                0x08000404       0x64 build/system_stm32f4xx.o
                0x08000404                SystemInit
 .text.SysTick_Handler
                0x08000468       0x24 build/delay.o
                0x08000468                SysTick_Handler
 .text.SysTick_Init
                0x0800048c       0x38 build/delay.o
                0x0800048c                SysTick_Init
 .text.USART2_Init
                0x080004c4       0x74 build/usart.o
                0x080004c4                USART2_Init
 .text.USART2_SendChar
                0x08000538       0x40 build/usart.o
                0x08000538                USART2_SendChar
 .text.USART2_SendString
                0x08000578       0x2a build/usart.o
                0x08000578                USART2_SendString
 *fill*         0x080005a2        0x2 
 .text.RS485_Init
                0x080005a4       0x3c build/rs485.o
                0x080005a4                RS485_Init
 .text.RS485_Transmit_Enable
                0x080005e0       0x1c build/rs485.o
                0x080005e0                RS485_Transmit_Enable
 .text.RS485_Receive_Enable
                0x080005fc       0x1c build/rs485.o
                0x080005fc                RS485_Receive_Enable
 .text.Modbus_TimerTick
                0x08000618       0x4c build/modbus_port.o
                0x08000618                Modbus_TimerTick
 .text.xMBPortEventInit
                0x08000664       0x24 build/modbus_port.o
                0x08000664                xMBPortEventInit
 .text.xMBPortEventPost
                0x08000688       0x58 build/modbus_port.o
                0x08000688                xMBPortEventPost
 .text.xMBPortEventGet
                0x080006e0       0x5c build/modbus_port.o
                0x080006e0                xMBPortEventGet
 .text.xMBPortSerialInit
                0x0800073c       0x48 build/modbus_port.o
                0x0800073c                xMBPortSerialInit
 .text.vMBPortSerialEnable
                0x08000784       0x3c build/modbus_port.o
                0x08000784                vMBPortSerialEnable
 .text.xMBPortSerialGetByte
                0x080007c0       0x30 build/modbus_port.o
                0x080007c0                xMBPortSerialGetByte
 .text.xMBPortSerialPutByte
                0x080007f0       0x30 build/modbus_port.o
                0x080007f0                xMBPortSerialPutByte
 .text.xMBPortTimersInit
                0x08000820       0x68 build/modbus_port.o
                0x08000820                xMBPortTimersInit
 .text.vMBPortTimersEnable
                0x08000888       0x28 build/modbus_port.o
                0x08000888                vMBPortTimersEnable
 .text.vMBPortTimersDisable
                0x080008b0       0x18 build/modbus_port.o
                0x080008b0                vMBPortTimersDisable
 .text.vMBPortSerialPoll
                0x080008c8       0x68 build/modbus_port.o
                0x080008c8                vMBPortSerialPoll
 .text.eMBInit  0x08000930       0xfc build/mb.o
                0x08000930                eMBInit
 .text.eMBEnable
                0x08000a2c       0x38 build/mb.o
                0x08000a2c                eMBEnable
 .text.eMBPoll  0x08000a64      0x188 build/mb.o
                0x08000a64                eMBPoll
 .text.xMBUtilSetBits
                0x08000bec       0xc0 build/mbutils.o
                0x08000bec                xMBUtilSetBits
 .text.xMBUtilGetBits
                0x08000cac       0x76 build/mbutils.o
                0x08000cac                xMBUtilGetBits
 .text.prveMBError2Exception
                0x08000d22       0x44 build/mbutils.o
                0x08000d22                prveMBError2Exception
 *fill*         0x08000d66        0x2 
 .text.eMBFuncReportSlaveID
                0x08000d68       0x38 build/mbfuncother.o
                0x08000d68                eMBFuncReportSlaveID
 .text.eMBFuncWriteHoldingRegister
                0x08000da0       0x68 build/mbfuncholding.o
                0x08000da0                eMBFuncWriteHoldingRegister
 .text.eMBFuncWriteMultipleHoldingRegister
                0x08000e08       0xae build/mbfuncholding.o
                0x08000e08                eMBFuncWriteMultipleHoldingRegister
 .text.eMBFuncReadHoldingRegister
                0x08000eb6       0xe0 build/mbfuncholding.o
                0x08000eb6                eMBFuncReadHoldingRegister
 .text.eMBFuncReadWriteMultipleHoldingRegister
                0x08000f96      0x14c build/mbfuncholding.o
                0x08000f96                eMBFuncReadWriteMultipleHoldingRegister
 .text.eMBFuncReadInputRegister
                0x080010e2       0xe0 build/mbfuncinput.o
                0x080010e2                eMBFuncReadInputRegister
 .text.eMBFuncReadCoils
                0x080011c2       0xfa build/mbfunccoils.o
                0x080011c2                eMBFuncReadCoils
 .text.eMBFuncWriteCoil
                0x080012bc       0xa4 build/mbfunccoils.o
                0x080012bc                eMBFuncWriteCoil
 .text.eMBFuncWriteMultipleCoils
                0x08001360       0xca build/mbfunccoils.o
                0x08001360                eMBFuncWriteMultipleCoils
 .text.eMBFuncReadDiscreteInputs
                0x0800142a       0xfa build/mbfuncdisc.o
                0x0800142a                eMBFuncReadDiscreteInputs
 .text.usMBCRC16
                0x08001524       0x70 build/mbcrc.o
                0x08001524                usMBCRC16
 .text.eMBRTUInit
                0x08001594       0x78 build/mbrtu.o
                0x08001594                eMBRTUInit
 .text.eMBRTUStart
                0x0800160c       0x28 build/mbrtu.o
                0x0800160c                eMBRTUStart
 .text.eMBRTUStop
                0x08001634       0x1c build/mbrtu.o
                0x08001634                eMBRTUStop
 .text.eMBRTUReceive
                0x08001650       0x70 build/mbrtu.o
                0x08001650                eMBRTUReceive
 .text.eMBRTUSend
                0x080016c0       0xc8 build/mbrtu.o
                0x080016c0                eMBRTUSend
 .text.xMBRTUReceiveFSM
                0x08001788       0xac build/mbrtu.o
                0x08001788                xMBRTUReceiveFSM
 .text.xMBRTUTransmitFSM
                0x08001834       0x88 build/mbrtu.o
                0x08001834                xMBRTUTransmitFSM
 .text.xMBRTUTimerT35Expired
                0x080018bc       0x58 build/mbrtu.o
                0x080018bc                xMBRTUTimerT35Expired
 .text.eMBRegInputCB
                0x08001914       0xa8 build/user_mb_app.o
                0x08001914                eMBRegInputCB
 .text.eMBRegHoldingCB
                0x080019bc      0x10c build/user_mb_app.o
                0x080019bc                eMBRegHoldingCB
 .text.eMBRegCoilsCB
                0x08001ac8      0x15c build/user_mb_app.o
                0x08001ac8                eMBRegCoilsCB
 .text.eMBRegDiscreteCB
                0x08001c24       0xe8 build/user_mb_app.o
                0x08001c24                eMBRegDiscreteCB
 .text.Reset_Handler
                0x08001d0c       0x50 build/startup_stm32f411xe.o
                0x08001d0c                Reset_Handler
 .text.Default_Handler
                0x08001d5c        0x2 build/startup_stm32f411xe.o
                0x08001d5c                RTC_Alarm_IRQHandler
                0x08001d5c                EXTI2_IRQHandler
                0x08001d5c                DebugMon_Handler
                0x08001d5c                SPI4_IRQHandler
                0x08001d5c                TIM1_CC_IRQHandler
                0x08001d5c                DMA2_Stream5_IRQHandler
                0x08001d5c                HardFault_Handler
                0x08001d5c                DMA1_Stream5_IRQHandler
                0x08001d5c                PVD_IRQHandler
                0x08001d5c                SDIO_IRQHandler
                0x08001d5c                TAMP_STAMP_IRQHandler
                0x08001d5c                PendSV_Handler
                0x08001d5c                NMI_Handler
                0x08001d5c                EXTI3_IRQHandler
                0x08001d5c                TIM1_UP_TIM10_IRQHandler
                0x08001d5c                I2C3_ER_IRQHandler
                0x08001d5c                EXTI0_IRQHandler
                0x08001d5c                I2C2_EV_IRQHandler
                0x08001d5c                DMA1_Stream2_IRQHandler
                0x08001d5c                FPU_IRQHandler
                0x08001d5c                UsageFault_Handler
                0x08001d5c                DMA2_Stream2_IRQHandler
                0x08001d5c                SPI1_IRQHandler
                0x08001d5c                TIM1_BRK_TIM9_IRQHandler
                0x08001d5c                DMA2_Stream3_IRQHandler
                0x08001d5c                USART6_IRQHandler
                0x08001d5c                DMA2_Stream0_IRQHandler
                0x08001d5c                TIM4_IRQHandler
                0x08001d5c                I2C1_EV_IRQHandler
                0x08001d5c                DMA1_Stream6_IRQHandler
                0x08001d5c                DMA1_Stream1_IRQHandler
                0x08001d5c                TIM3_IRQHandler
                0x08001d5c                RCC_IRQHandler
                0x08001d5c                Default_Handler
                0x08001d5c                EXTI15_10_IRQHandler
                0x08001d5c                ADC_IRQHandler
                0x08001d5c                DMA1_Stream7_IRQHandler
                0x08001d5c                SPI5_IRQHandler
                0x08001d5c                TIM5_IRQHandler
                0x08001d5c                DMA2_Stream7_IRQHandler
                0x08001d5c                I2C3_EV_IRQHandler
                0x08001d5c                EXTI9_5_IRQHandler
                0x08001d5c                RTC_WKUP_IRQHandler
                0x08001d5c                SPI2_IRQHandler
                0x08001d5c                MemManage_Handler
                0x08001d5c                DMA1_Stream0_IRQHandler
                0x08001d5c                SVC_Handler
                0x08001d5c                EXTI4_IRQHandler
                0x08001d5c                WWDG_IRQHandler
                0x08001d5c                TIM2_IRQHandler
                0x08001d5c                OTG_FS_WKUP_IRQHandler
                0x08001d5c                TIM1_TRG_COM_TIM11_IRQHandler
                0x08001d5c                EXTI1_IRQHandler
                0x08001d5c                USART2_IRQHandler
                0x08001d5c                I2C2_ER_IRQHandler
                0x08001d5c                DMA2_Stream1_IRQHandler
                0x08001d5c                FLASH_IRQHandler
                0x08001d5c                DMA2_Stream4_IRQHandler
                0x08001d5c                BusFault_Handler
                0x08001d5c                USART1_IRQHandler
                0x08001d5c                OTG_FS_IRQHandler
                0x08001d5c                SPI3_IRQHandler
                0x08001d5c                DMA1_Stream4_IRQHandler
                0x08001d5c                I2C1_ER_IRQHandler
                0x08001d5c                DMA2_Stream6_IRQHandler
                0x08001d5c                DMA1_Stream3_IRQHandler
 *(.glue_7)
 .glue_7        0x08001d5e        0x0 linker stubs
 *(.glue_7t)
 .glue_7t       0x08001d5e        0x0 linker stubs
 *(.eh_frame)
 *fill*         0x08001d5e        0x2 
 .eh_frame      0x08001d60        0x0 /usr/lib/gcc/arm-none-eabi/14.2.1/thumb/v7e-m+fp/hard/crtbegin.o
 *(.init)
 .init          0x08001d60        0x4 /usr/lib/gcc/arm-none-eabi/14.2.1/thumb/v7e-m+fp/hard/crti.o
                0x08001d60                _init
 .init          0x08001d64        0x8 /usr/lib/gcc/arm-none-eabi/14.2.1/thumb/v7e-m+fp/hard/crtn.o
 *(.fini)
 .fini          0x08001d6c        0x4 /usr/lib/gcc/arm-none-eabi/14.2.1/thumb/v7e-m+fp/hard/crti.o
                0x08001d6c                _fini
 .fini          0x08001d70        0x8 /usr/lib/gcc/arm-none-eabi/14.2.1/thumb/v7e-m+fp/hard/crtn.o
                0x08001d78                        . = ALIGN (0x4)
                0x08001d78                        _etext = .

.vfp11_veneer   0x08001d78        0x0
 .vfp11_veneer  0x08001d78        0x0 linker stubs

.v4_bx          0x08001d78        0x0
 .v4_bx         0x08001d78        0x0 linker stubs

.iplt           0x08001d78        0x0
 .iplt          0x08001d78        0x0 /usr/lib/gcc/arm-none-eabi/14.2.1/thumb/v7e-m+fp/hard/crtbegin.o

.rodata         0x08001d78      0x25c
                0x08001d78                        . = ALIGN (0x4)
 *(.rodata)
 .rodata        0x08001d78       0x5b build/main.o
 *(.rodata*)
 *fill*         0x08001dd3        0x1 
 .rodata.aucCRCHi
                0x08001dd4      0x100 build/mbcrc.o
 .rodata.aucCRCLo
                0x08001ed4      0x100 build/mbcrc.o
                0x08001fd4                        . = ALIGN (0x4)

.ARM.extab      0x08001fd4        0x0
                0x08001fd4                        . = ALIGN (0x4)
 *(.ARM.extab* .gnu.linkonce.armextab.*)
                0x08001fd4                        . = ALIGN (0x4)

.ARM            0x08001fd4        0x8
                0x08001fd4                        . = ALIGN (0x4)
                0x08001fd4                        __exidx_start = .
 *(.ARM.exidx*)
 .ARM.exidx     0x08001fd4        0x8 /usr/lib/gcc/arm-none-eabi/14.2.1/../../../arm-none-eabi/lib/thumb/v7e-m+fp/hard/libc_nano.a(libc_a-memcpy.o)
                0x08001fdc                        __exidx_end = .
                0x08001fdc                        . = ALIGN (0x4)

.preinit_array  0x08001fdc        0x0
                0x08001fdc                        . = ALIGN (0x4)
                0x08001fdc                        PROVIDE (__preinit_array_start = .)
 *(.preinit_array*)
                0x08001fdc                        PROVIDE (__preinit_array_end = .)
                0x08001fdc                        . = ALIGN (0x4)

.init_array     0x08001fdc        0x4
                0x08001fdc                        . = ALIGN (0x4)
                0x08001fdc                        PROVIDE (__init_array_start = .)
 *(SORT_BY_NAME(.init_array.*))
 *(.init_array*)
 .init_array    0x08001fdc        0x4 /usr/lib/gcc/arm-none-eabi/14.2.1/thumb/v7e-m+fp/hard/crtbegin.o
                0x08001fe0                        PROVIDE (__init_array_end = .)
                0x08001fe0                        . = ALIGN (0x4)

.fini_array     0x08001fe0        0x4
                0x08001fe0                        . = ALIGN (0x4)
                0x08001fe0                        PROVIDE (__fini_array_start = .)
 *(SORT_BY_NAME(.fini_array.*))
 *(.fini_array*)
 .fini_array    0x08001fe0        0x4 /usr/lib/gcc/arm-none-eabi/14.2.1/thumb/v7e-m+fp/hard/crtbegin.o
                0x08001fe4                        PROVIDE (__fini_array_end = .)
                0x08001fe4                        . = ALIGN (0x4)
                0x08001fe4                        _sidata = LOADADDR (.data)

.rel.dyn        0x08001fe4        0x0
 .rel.iplt      0x08001fe4        0x0 /usr/lib/gcc/arm-none-eabi/14.2.1/thumb/v7e-m+fp/hard/crtbegin.o

.data           0x20000000       0x90 load address 0x08001fe4
                0x20000000                        . = ALIGN (0x4)
                0x20000000                        _sdata = .
 *(.data)
 *(.data*)
 .data.SystemCoreClock
                0x20000000        0x4 build/system_stm32f4xx.o
                0x20000000                SystemCoreClock
 .data.eMBState
                0x20000004        0x1 build/mb.o
 *fill*         0x20000005        0x3 
 .data.xFuncHandlers
                0x20000008       0x80 build/mb.o
 .data.usSDiscInStart
                0x20000088        0x2 build/user_mb_app.o
                0x20000088                usSDiscInStart
 .data.usSCoilStart
                0x2000008a        0x2 build/user_mb_app.o
                0x2000008a                usSCoilStart
 .data.usSRegInStart
                0x2000008c        0x2 build/user_mb_app.o
                0x2000008c                usSRegInStart
 .data.usSRegHoldStart
                0x2000008e        0x2 build/user_mb_app.o
                0x2000008e                usSRegHoldStart
 *(.RamFunc)
 *(.RamFunc*)
                0x20000090                        . = ALIGN (0x4)
                0x20000090                        _edata = .

.tm_clone_table
                0x20000090        0x0 load address 0x08002074
 .tm_clone_table
                0x20000090        0x0 /usr/lib/gcc/arm-none-eabi/14.2.1/thumb/v7e-m+fp/hard/crtbegin.o
 .tm_clone_table
                0x20000090        0x0 /usr/lib/gcc/arm-none-eabi/14.2.1/thumb/v7e-m+fp/hard/crtend.o

.igot.plt       0x20000090        0x0 load address 0x08002074
 .igot.plt      0x20000090        0x0 /usr/lib/gcc/arm-none-eabi/14.2.1/thumb/v7e-m+fp/hard/crtbegin.o
                0x20000090                        . = ALIGN (0x4)

.bss            0x20000090      0x1dc load address 0x08002074
                0x20000090                        _sbss = .
                0x20000090                        __bss_start__ = _sbss
 *(.bss)
 .bss           0x20000090       0x1c /usr/lib/gcc/arm-none-eabi/14.2.1/thumb/v7e-m+fp/hard/crtbegin.o
 *(.bss*)
 .bss.delay_tick
                0x200000ac        0x4 build/delay.o
 .bss.g_mb_event_head
                0x200000b0        0x1 build/modbus_port.o
 .bss.g_mb_event_tail
                0x200000b1        0x1 build/modbus_port.o
 *fill*         0x200000b2        0x2 
 .bss.g_mb_event_queue
                0x200000b4        0x8 build/modbus_port.o
 .bss.g_mb_timer_ticks
                0x200000bc        0x4 build/modbus_port.o
 .bss.g_mb_timer_reload
                0x200000c0        0x4 build/modbus_port.o
 .bss.g_mb_timer_enabled
                0x200000c4        0x1 build/modbus_port.o
 .bss.g_mb_serial_rx_enabled
                0x200000c5        0x1 build/modbus_port.o
 .bss.g_mb_serial_tx_enabled
                0x200000c6        0x1 build/modbus_port.o
 .bss.ucMBAddress
                0x200000c7        0x1 build/mb.o
 .bss.eMBCurrentMode
                0x200000c8        0x1 build/mb.o
 *fill*         0x200000c9        0x3 
 .bss.peMBFrameSendCur
                0x200000cc        0x4 build/mb.o
 .bss.pvMBFrameStartCur
                0x200000d0        0x4 build/mb.o
 .bss.pvMBFrameStopCur
                0x200000d4        0x4 build/mb.o
 .bss.peMBFrameReceiveCur
                0x200000d8        0x4 build/mb.o
 .bss.pvMBFrameCloseCur
                0x200000dc        0x4 build/mb.o
 .bss.pxMBFrameCBByteReceived
                0x200000e0        0x4 build/mb.o
                0x200000e0                pxMBFrameCBByteReceived
 .bss.pxMBFrameCBTransmitterEmpty
                0x200000e4        0x4 build/mb.o
                0x200000e4                pxMBFrameCBTransmitterEmpty
 .bss.pxMBPortCBTimerExpired
                0x200000e8        0x4 build/mb.o
                0x200000e8                pxMBPortCBTimerExpired
 .bss.ucRcvAddress.4
                0x200000ec        0x1 build/mb.o
 *fill*         0x200000ed        0x3 
 .bss.ucMBFrame.3
                0x200000f0        0x4 build/mb.o
 .bss.usLength.2
                0x200000f4        0x2 build/mb.o
 .bss.ucFunctionCode.1
                0x200000f6        0x1 build/mb.o
 .bss.eException.0
                0x200000f7        0x1 build/mb.o
 .bss.ucMBSlaveID
                0x200000f8       0x20 build/mbfuncother.o
 .bss.usMBSlaveIDLen
                0x20000118        0x2 build/mbfuncother.o
 .bss.eSndState
                0x2000011a        0x1 build/mbrtu.o
 .bss.eRcvState
                0x2000011b        0x1 build/mbrtu.o
 .bss.ucRTUBuf  0x2000011c      0x100 build/mbrtu.o
                0x2000011c                ucRTUBuf
 .bss.pucSndBufferCur
                0x2000021c        0x4 build/mbrtu.o
 .bss.usSndBufferCount
                0x20000220        0x2 build/mbrtu.o
 .bss.usRcvBufferPos
                0x20000222        0x2 build/mbrtu.o
 .bss.ucSDiscInBuf
                0x20000224        0x2 build/user_mb_app.o
                0x20000224                ucSDiscInBuf
 *fill*         0x20000226        0x2 
 .bss.ucSCoilBuf
                0x20000228        0x2 build/user_mb_app.o
                0x20000228                ucSCoilBuf
 *fill*         0x2000022a        0x2 
 .bss.usSRegInBuf
                0x2000022c       0x20 build/user_mb_app.o
                0x2000022c                usSRegInBuf
 .bss.usSRegHoldBuf
                0x2000024c       0x20 build/user_mb_app.o
                0x2000024c                usSRegHoldBuf
 *(COMMON)
                0x2000026c                        . = ALIGN (0x4)
                0x2000026c                        _ebss = .
                0x2000026c                        __bss_end__ = _ebss

._user_heap_stack
                0x2000026c      0x604 load address 0x08002074
                0x20000270                        . = ALIGN (0x8)
 *fill*         0x2000026c        0x4 
                [!provide]                        PROVIDE (end = .)
                [!provide]                        PROVIDE (_end = .)
                0x20000470                        . = (. + _Min_Heap_Size)
 *fill*         0x20000270      0x200 
                0x20000870                        . = (. + _Min_Stack_Size)
 *fill*         0x20000470      0x400 
                0x20000870                        . = ALIGN (0x8)

/DISCARD/
 libc.a(*)
 libm.a(*)
 libgcc.a(*)
OUTPUT(stm32f411-bare-metal.elf elf32-littlearm)
LOAD linker stubs
LOAD /usr/lib/gcc/arm-none-eabi/14.2.1/../../../arm-none-eabi/lib/thumb/v7e-m+fp/hard/libc.a
LOAD /usr/lib/gcc/arm-none-eabi/14.2.1/../../../arm-none-eabi/lib/thumb/v7e-m+fp/hard/libm.a
LOAD /usr/lib/gcc/arm-none-eabi/14.2.1/thumb/v7e-m+fp/hard/libgcc.a

.ARM.attributes
                0x00000000       0x30
 .ARM.attributes
                0x00000000       0x22 /usr/lib/gcc/arm-none-eabi/14.2.1/thumb/v7e-m+fp/hard/crti.o
 .ARM.attributes
                0x00000022       0x34 /usr/lib/gcc/arm-none-eabi/14.2.1/thumb/v7e-m+fp/hard/crtbegin.o
 .ARM.attributes
                0x00000056       0x34 build/main.o
 .ARM.attributes
                0x0000008a       0x34 build/system_stm32f4xx.o
 .ARM.attributes
                0x000000be       0x34 build/delay.o
 .ARM.attributes
                0x000000f2       0x34 build/usart.o
 .ARM.attributes
                0x00000126       0x34 build/rs485.o
 .ARM.attributes
                0x0000015a       0x34 build/modbus_port.o
 .ARM.attributes
                0x0000018e       0x34 build/mb.o
 .ARM.attributes
                0x000001c2       0x34 build/mbutils.o
 .ARM.attributes
                0x000001f6       0x34 build/mbfuncother.o
 .ARM.attributes
                0x0000022a       0x34 build/mbfuncholding.o
 .ARM.attributes
                0x0000025e       0x34 build/mbfuncinput.o
 .ARM.attributes
                0x00000292       0x34 build/mbfunccoils.o
 .ARM.attributes
                0x000002c6       0x34 build/mbfuncdisc.o
 .ARM.attributes
                0x000002fa       0x34 build/mbcrc.o
 .ARM.attributes
                0x0000032e       0x34 build/mbrtu.o
 .ARM.attributes
                0x00000362       0x34 build/user_mb_app.o
 .ARM.attributes
                0x00000396       0x21 build/startup_stm32f411xe.o
 .ARM.attributes
                0x000003b7       0x34 /usr/lib/gcc/arm-none-eabi/14.2.1/../../../arm-none-eabi/lib/thumb/v7e-m+fp/hard/libc_nano.a(libc_a-init.o)
 .ARM.attributes
                0x000003eb       0x20 /usr/lib/gcc/arm-none-eabi/14.2.1/../../../arm-none-eabi/lib/thumb/v7e-m+fp/hard/libc_nano.a(libc_a-memcpy.o)
 .ARM.attributes
                0x0000040b       0x34 /usr/lib/gcc/arm-none-eabi/14.2.1/thumb/v7e-m+fp/hard/crtend.o
 .ARM.attributes
                0x0000043f       0x22 /usr/lib/gcc/arm-none-eabi/14.2.1/thumb/v7e-m+fp/hard/crtn.o

.comment        0x00000000       0x4c
 .comment       0x00000000       0x4c /usr/lib/gcc/arm-none-eabi/14.2.1/thumb/v7e-m+fp/hard/crtbegin.o
                                 0x27 (size before relaxing)
 .comment       0x0000004c       0x27 build/main.o
 .comment       0x0000004c       0x27 build/system_stm32f4xx.o
 .comment       0x0000004c       0x27 build/delay.o
 .comment       0x0000004c       0x27 build/usart.o
 .comment       0x0000004c       0x27 build/rs485.o
 .comment       0x0000004c       0x27 build/modbus_port.o
 .comment       0x0000004c       0x27 build/mb.o
 .comment       0x0000004c       0x27 build/mbutils.o
 .comment       0x0000004c       0x27 build/mbfuncother.o
 .comment       0x0000004c       0x27 build/mbfuncholding.o
 .comment       0x0000004c       0x27 build/mbfuncinput.o
 .comment       0x0000004c       0x27 build/mbfunccoils.o
 .comment       0x0000004c       0x27 build/mbfuncdisc.o
 .comment       0x0000004c       0x27 build/mbcrc.o
 .comment       0x0000004c       0x27 build/mbrtu.o
 .comment       0x0000004c       0x27 build/user_mb_app.o
 .comment       0x0000004c       0x27 /usr/lib/gcc/arm-none-eabi/14.2.1/../../../arm-none-eabi/lib/thumb/v7e-m+fp/hard/libc_nano.a(libc_a-init.o)
 .comment       0x0000004c       0x27 /usr/lib/gcc/arm-none-eabi/14.2.1/thumb/v7e-m+fp/hard/crtend.o

.debug_info     0x00000000     0x38a3
 .debug_info    0x00000000      0x1ca build/main.o
 .debug_info    0x000001ca      0x466 build/system_stm32f4xx.o
 .debug_info    0x00000630      0x140 build/delay.o
 .debug_info    0x00000770      0x3bd build/usart.o
 .debug_info    0x00000b2d      0x3d3 build/rs485.o
 .debug_info    0x00000f00      0x4f0 build/modbus_port.o
 .debug_info    0x000013f0      0x7ec build/mb.o
 .debug_info    0x00001bdc      0x288 build/mbutils.o
 .debug_info    0x00001e64      0x265 build/mbfuncother.o
 .debug_info    0x000020c9      0x398 build/mbfuncholding.o
 .debug_info    0x00002461      0x1fe build/mbfuncinput.o
 .debug_info    0x0000265f      0x332 build/mbfunccoils.o
 .debug_info    0x00002991      0x20b build/mbfuncdisc.o
 .debug_info    0x00002b9c      0x144 build/mbcrc.o
 .debug_info    0x00002ce0      0x5af build/mbrtu.o
 .debug_info    0x0000328f      0x4a6 build/user_mb_app.o
 .debug_info    0x00003735       0x30 build/startup_stm32f411xe.o
 .debug_info    0x00003765      0x10b /usr/lib/gcc/arm-none-eabi/14.2.1/../../../arm-none-eabi/lib/thumb/v7e-m+fp/hard/libc_nano.a(libc_a-init.o)
 .debug_info    0x00003870       0x33 /usr/lib/gcc/arm-none-eabi/14.2.1/../../../arm-none-eabi/lib/thumb/v7e-m+fp/hard/libc_nano.a(libc_a-memcpy.o)

.debug_abbrev   0x00000000     0x1366
 .debug_abbrev  0x00000000       0xe3 build/main.o
 .debug_abbrev  0x000000e3       0xd9 build/system_stm32f4xx.o
 .debug_abbrev  0x000001bc      0x120 build/delay.o
 .debug_abbrev  0x000002dc      0x129 build/usart.o
 .debug_abbrev  0x00000405      0x13e build/rs485.o
 .debug_abbrev  0x00000543      0x200 build/modbus_port.o
 .debug_abbrev  0x00000743      0x224 build/mb.o
 .debug_abbrev  0x00000967       0xc0 build/mbutils.o
 .debug_abbrev  0x00000a27      0x103 build/mbfuncother.o
 .debug_abbrev  0x00000b2a       0xf8 build/mbfuncholding.o
 .debug_abbrev  0x00000c22       0xda build/mbfuncinput.o
 .debug_abbrev  0x00000cfc      0x10a build/mbfunccoils.o
 .debug_abbrev  0x00000e06       0xda build/mbfuncdisc.o
 .debug_abbrev  0x00000ee0       0x9e build/mbcrc.o
 .debug_abbrev  0x00000f7e      0x199 build/mbrtu.o
 .debug_abbrev  0x00001117      0x13a build/user_mb_app.o
 .debug_abbrev  0x00001251       0x24 build/startup_stm32f411xe.o
 .debug_abbrev  0x00001275       0xc9 /usr/lib/gcc/arm-none-eabi/14.2.1/../../../arm-none-eabi/lib/thumb/v7e-m+fp/hard/libc_nano.a(libc_a-init.o)
 .debug_abbrev  0x0000133e       0x28 /usr/lib/gcc/arm-none-eabi/14.2.1/../../../arm-none-eabi/lib/thumb/v7e-m+fp/hard/libc_nano.a(libc_a-memcpy.o)

.debug_aranges  0x00000000      0x3e8
 .debug_aranges
                0x00000000       0x20 build/main.o
 .debug_aranges
                0x00000020       0x20 build/system_stm32f4xx.o
 .debug_aranges
                0x00000040       0x30 build/delay.o
 .debug_aranges
                0x00000070       0x38 build/usart.o
 .debug_aranges
                0x000000a8       0x40 build/rs485.o
 .debug_aranges
                0x000000e8       0xa0 build/modbus_port.o
 .debug_aranges
                0x00000188       0x48 build/mb.o
 .debug_aranges
                0x000001d0       0x30 build/mbutils.o
 .debug_aranges
                0x00000200       0x28 build/mbfuncother.o
 .debug_aranges
                0x00000228       0x38 build/mbfuncholding.o
 .debug_aranges
                0x00000260       0x20 build/mbfuncinput.o
 .debug_aranges
                0x00000280       0x30 build/mbfunccoils.o
 .debug_aranges
                0x000002b0       0x20 build/mbfuncdisc.o
 .debug_aranges
                0x000002d0       0x20 build/mbcrc.o
 .debug_aranges
                0x000002f0       0x58 build/mbrtu.o
 .debug_aranges
                0x00000348       0x38 build/user_mb_app.o
 .debug_aranges
                0x00000380       0x28 build/startup_stm32f411xe.o
 .debug_aranges
                0x000003a8       0x20 /usr/lib/gcc/arm-none-eabi/14.2.1/../../../arm-none-eabi/lib/thumb/v7e-m+fp/hard/libc_nano.a(libc_a-init.o)
 .debug_aranges
                0x000003c8       0x20 /usr/lib/gcc/arm-none-eabi/14.2.1/../../../arm-none-eabi/lib/thumb/v7e-m+fp/hard/libc_nano.a(libc_a-memcpy.o)

.debug_rnglists
                0x00000000      0x27d
 .debug_rnglists
                0x00000000       0x13 build/main.o
 .debug_rnglists
                0x00000013       0x13 build/system_stm32f4xx.o
 .debug_rnglists
                0x00000026       0x1f build/delay.o
 .debug_rnglists
                0x00000045       0x25 build/usart.o
 .debug_rnglists
                0x0000006a       0x2b build/rs485.o
 .debug_rnglists
                0x00000095       0x73 build/modbus_port.o
 .debug_rnglists
                0x00000108       0x34 build/mb.o
 .debug_rnglists
                0x0000013c       0x20 build/mbutils.o
 .debug_rnglists
                0x0000015c       0x1a build/mbfuncother.o
 .debug_rnglists
                0x00000176       0x28 build/mbfuncholding.o
 .debug_rnglists
                0x0000019e       0x14 build/mbfuncinput.o
 .debug_rnglists
                0x000001b2       0x22 build/mbfunccoils.o
 .debug_rnglists
                0x000001d4       0x14 build/mbfuncdisc.o
 .debug_rnglists
                0x000001e8       0x13 build/mbcrc.o
 .debug_rnglists
                0x000001fb       0x40 build/mbrtu.o
 .debug_rnglists
                0x0000023b       0x29 build/user_mb_app.o
 .debug_rnglists
                0x00000264       0x19 build/startup_stm32f411xe.o

.debug_macro    0x00000000     0xf541
 .debug_macro   0x00000000       0xdd build/main.o
 .debug_macro   0x000000dd      0xad2 build/main.o
 .debug_macro   0x00000baf      0x34e build/main.o
 .debug_macro   0x00000efd       0x2e build/main.o
 .debug_macro   0x00000f2b       0x28 build/main.o
 .debug_macro   0x00000f53       0x1c build/main.o
 .debug_macro   0x00000f6f       0x22 build/main.o
 .debug_macro   0x00000f91       0xfb build/main.o
 .debug_macro   0x0000108c     0x1011 build/main.o
 .debug_macro   0x0000209d      0x11f build/main.o
 .debug_macro   0x000021bc     0xb968 build/main.o
 .debug_macro   0x0000db24       0x6d build/main.o
 .debug_macro   0x0000db91       0x2e build/main.o
 .debug_macro   0x0000dbbf       0x7c build/main.o
 .debug_macro   0x0000dc3b       0x85 build/system_stm32f4xx.o
 .debug_macro   0x0000dcc0       0x8f build/delay.o
 .debug_macro   0x0000dd4f       0x8f build/usart.o
 .debug_macro   0x0000ddde       0x9f build/rs485.o
 .debug_macro   0x0000de7d       0xc9 build/modbus_port.o
 .debug_macro   0x0000df46      0x190 build/modbus_port.o
 .debug_macro   0x0000e0d6      0x1e4 build/mb.o
 .debug_macro   0x0000e2ba       0x16 build/mb.o
 .debug_macro   0x0000e2d0      0x11c build/mb.o
 .debug_macro   0x0000e3ec       0x9b build/mb.o
 .debug_macro   0x0000e487       0x16 build/mb.o
 .debug_macro   0x0000e49d       0x29 build/mb.o
 .debug_macro   0x0000e4c6       0x16 build/mb.o
 .debug_macro   0x0000e4dc       0x88 build/mb.o
 .debug_macro   0x0000e564       0x22 build/mb.o
 .debug_macro   0x0000e586      0x1c0 build/mbutils.o
 .debug_macro   0x0000e746      0x1cc build/mbfuncother.o
 .debug_macro   0x0000e912      0x244 build/mbfuncholding.o
 .debug_macro   0x0000eb56      0x1ea build/mbfuncinput.o
 .debug_macro   0x0000ed40      0x21a build/mbfunccoils.o
 .debug_macro   0x0000ef5a      0x1e4 build/mbfuncdisc.o
 .debug_macro   0x0000f13e       0x85 build/mbcrc.o
 .debug_macro   0x0000f1c3      0x1fe build/mbrtu.o
 .debug_macro   0x0000f3c1       0xdc build/user_mb_app.o
 .debug_macro   0x0000f49d       0x10 build/user_mb_app.o
 .debug_macro   0x0000f4ad       0x94 build/user_mb_app.o

.debug_line     0x00000000     0x387d
 .debug_line    0x00000000      0x1f3 build/main.o
 .debug_line    0x000001f3      0x172 build/system_stm32f4xx.o
 .debug_line    0x00000365      0x1a5 build/delay.o
 .debug_line    0x0000050a      0x227 build/usart.o
 .debug_line    0x00000731      0x1f6 build/rs485.o
 .debug_line    0x00000927      0x45e build/modbus_port.o
 .debug_line    0x00000d85      0x5b0 build/mb.o
 .debug_line    0x00001335      0x3bf build/mbutils.o
 .debug_line    0x000016f4      0x381 build/mbfuncother.o
 .debug_line    0x00001a75      0x4f9 build/mbfuncholding.o
 .debug_line    0x00001f6e      0x38e build/mbfuncinput.o
 .debug_line    0x000022fc      0x482 build/mbfunccoils.o
 .debug_line    0x0000277e      0x39f build/mbfuncdisc.o
 .debug_line    0x00002b1d      0x191 build/mbcrc.o
 .debug_line    0x00002cae      0x586 build/mbrtu.o
 .debug_line    0x00003234      0x3fc build/user_mb_app.o
 .debug_line    0x00003630       0x76 build/startup_stm32f411xe.o
 .debug_line    0x000036a6      0x11e /usr/lib/gcc/arm-none-eabi/14.2.1/../../../arm-none-eabi/lib/thumb/v7e-m+fp/hard/libc_nano.a(libc_a-init.o)
 .debug_line    0x000037c4       0xb9 /usr/lib/gcc/arm-none-eabi/14.2.1/../../../arm-none-eabi/lib/thumb/v7e-m+fp/hard/libc_nano.a(libc_a-memcpy.o)

.debug_str      0x00000000    0x54b8c
 .debug_str     0x00000000    0x54b8c build/main.o
                              0x4fe1b (size before relaxing)
 .debug_str     0x00054b8c    0x4fb41 build/system_stm32f4xx.o
 .debug_str     0x00054b8c    0x4fa29 build/delay.o
 .debug_str     0x00054b8c    0x4fb57 build/usart.o
 .debug_str     0x00054b8c    0x4fb9c build/rs485.o
 .debug_str     0x00054b8c    0x50176 build/modbus_port.o
 .debug_str     0x00054b8c    0x53064 build/mb.o
 .debug_str     0x00054b8c    0x5297f build/mbutils.o
 .debug_str     0x00054b8c    0x52c25 build/mbfuncother.o
 .debug_str     0x00054b8c    0x530fc build/mbfuncholding.o
 .debug_str     0x00054b8c    0x52ce7 build/mbfuncinput.o
 .debug_str     0x00054b8c    0x52eea build/mbfunccoils.o
 .debug_str     0x00054b8c    0x52cc3 build/mbfuncdisc.o
 .debug_str     0x00054b8c    0x4f395 build/mbcrc.o
 .debug_str     0x00054b8c    0x52e0d build/mbrtu.o
 .debug_str     0x00054b8c    0x4fd63 build/user_mb_app.o
 .debug_str     0x00054b8c       0x6a build/startup_stm32f411xe.o
 .debug_str     0x00054b8c      0x1fe /usr/lib/gcc/arm-none-eabi/14.2.1/../../../arm-none-eabi/lib/thumb/v7e-m+fp/hard/libc_nano.a(libc_a-init.o)
 .debug_str     0x00054b8c       0xb3 /usr/lib/gcc/arm-none-eabi/14.2.1/../../../arm-none-eabi/lib/thumb/v7e-m+fp/hard/libc_nano.a(libc_a-memcpy.o)

.debug_frame    0x00000000      0xa2c
 .debug_frame   0x00000000       0x30 build/main.o
 .debug_frame   0x00000030       0x30 build/system_stm32f4xx.o
 .debug_frame   0x00000060       0x74 build/delay.o
 .debug_frame   0x000000d4       0x9c build/usart.o
 .debug_frame   0x00000170       0xb4 build/rs485.o
 .debug_frame   0x00000224      0x258 build/modbus_port.o
 .debug_frame   0x0000047c       0xf0 build/mb.o
 .debug_frame   0x0000056c       0x88 build/mbutils.o
 .debug_frame   0x000005f4       0x58 build/mbfuncother.o
 .debug_frame   0x0000064c       0xa0 build/mbfuncholding.o
 .debug_frame   0x000006ec       0x34 build/mbfuncinput.o
 .debug_frame   0x00000720       0x7c build/mbfunccoils.o
 .debug_frame   0x0000079c       0x34 build/mbfuncdisc.o
 .debug_frame   0x000007d0       0x38 build/mbcrc.o
 .debug_frame   0x00000808      0x120 build/mbrtu.o
 .debug_frame   0x00000928       0xb0 build/user_mb_app.o
 .debug_frame   0x000009d8       0x2c /usr/lib/gcc/arm-none-eabi/14.2.1/../../../arm-none-eabi/lib/thumb/v7e-m+fp/hard/libc_nano.a(libc_a-init.o)
 .debug_frame   0x00000a04       0x28 /usr/lib/gcc/arm-none-eabi/14.2.1/../../../arm-none-eabi/lib/thumb/v7e-m+fp/hard/libc_nano.a(libc_a-memcpy.o)

.debug_line_str
                0x00000000       0xed
 .debug_line_str
                0x00000000       0xed build/startup_stm32f411xe.o
                                 0x50 (size before relaxing)
 .debug_line_str
                0x000000ed       0x9d /usr/lib/gcc/arm-none-eabi/14.2.1/../../../arm-none-eabi/lib/thumb/v7e-m+fp/hard/libc_nano.a(libc_a-memcpy.o)

.debug_loclists
                0x00000000       0x65
 .debug_loclists
                0x00000000       0x65 /usr/lib/gcc/arm-none-eabi/14.2.1/../../../arm-none-eabi/lib/thumb/v7e-m+fp/hard/libc_nano.a(libc_a-init.o)

Cross Reference Table

Symbol                                            File
ADC_IRQHandler                                    build/startup_stm32f411xe.o
BusFault_Handler                                  build/startup_stm32f411xe.o
DMA1_Stream0_IRQHandler                           build/startup_stm32f411xe.o
DMA1_Stream1_IRQHandler                           build/startup_stm32f411xe.o
DMA1_Stream2_IRQHandler                           build/startup_stm32f411xe.o
DMA1_Stream3_IRQHandler                           build/startup_stm32f411xe.o
DMA1_Stream4_IRQHandler                           build/startup_stm32f411xe.o
DMA1_Stream5_IRQHandler                           build/startup_stm32f411xe.o
DMA1_Stream6_IRQHandler                           build/startup_stm32f411xe.o
DMA1_Stream7_IRQHandler                           build/startup_stm32f411xe.o
DMA2_Stream0_IRQHandler                           build/startup_stm32f411xe.o
DMA2_Stream1_IRQHandler                           build/startup_stm32f411xe.o
DMA2_Stream2_IRQHandler                           build/startup_stm32f411xe.o
DMA2_Stream3_IRQHandler                           build/startup_stm32f411xe.o
DMA2_Stream4_IRQHandler                           build/startup_stm32f411xe.o
DMA2_Stream5_IRQHandler                           build/startup_stm32f411xe.o
DMA2_Stream6_IRQHandler                           build/startup_stm32f411xe.o
DMA2_Stream7_IRQHandler                           build/startup_stm32f411xe.o
DebugMon_Handler                                  build/startup_stm32f411xe.o
Default_Handler                                   build/startup_stm32f411xe.o
EXTI0_IRQHandler                                  build/startup_stm32f411xe.o
EXTI15_10_IRQHandler                              build/startup_stm32f411xe.o
EXTI1_IRQHandler                                  build/startup_stm32f411xe.o
EXTI2_IRQHandler                                  build/startup_stm32f411xe.o
EXTI3_IRQHandler                                  build/startup_stm32f411xe.o
EXTI4_IRQHandler                                  build/startup_stm32f411xe.o
EXTI9_5_IRQHandler                                build/startup_stm32f411xe.o
EnterCriticalSection                              build/modbus_port.o
ExitCriticalSection                               build/modbus_port.o
FLASH_IRQHandler                                  build/startup_stm32f411xe.o
FPU_IRQHandler                                    build/startup_stm32f411xe.o
HardFault_Handler                                 build/startup_stm32f411xe.o
I2C1_ER_IRQHandler                                build/startup_stm32f411xe.o
I2C1_EV_IRQHandler                                build/startup_stm32f411xe.o
I2C2_ER_IRQHandler                                build/startup_stm32f411xe.o
I2C2_EV_IRQHandler                                build/startup_stm32f411xe.o
I2C3_ER_IRQHandler                                build/startup_stm32f411xe.o
I2C3_EV_IRQHandler                                build/startup_stm32f411xe.o
MemManage_Handler                                 build/startup_stm32f411xe.o
Modbus_TimerTick                                  build/modbus_port.o
                                                  build/delay.o
NMI_Handler                                       build/startup_stm32f411xe.o
OTG_FS_IRQHandler                                 build/startup_stm32f411xe.o
OTG_FS_WKUP_IRQHandler                            build/startup_stm32f411xe.o
PVD_IRQHandler                                    build/startup_stm32f411xe.o
PendSV_Handler                                    build/startup_stm32f411xe.o
RCC_IRQHandler                                    build/startup_stm32f411xe.o
RS485_Init                                        build/rs485.o
                                                  build/modbus_port.o
                                                  build/main.o
RS485_Receive_Enable                              build/rs485.o
                                                  build/modbus_port.o
RS485_SendChar                                    build/rs485.o
RS485_SendString                                  build/rs485.o
RS485_Transmit_Enable                             build/rs485.o
                                                  build/modbus_port.o
RTC_Alarm_IRQHandler                              build/startup_stm32f411xe.o
RTC_WKUP_IRQHandler                               build/startup_stm32f411xe.o
Reset_Handler                                     build/startup_stm32f411xe.o
SDIO_IRQHandler                                   build/startup_stm32f411xe.o
SPI1_IRQHandler                                   build/startup_stm32f411xe.o
SPI2_IRQHandler                                   build/startup_stm32f411xe.o
SPI3_IRQHandler                                   build/startup_stm32f411xe.o
SPI4_IRQHandler                                   build/startup_stm32f411xe.o
SPI5_IRQHandler                                   build/startup_stm32f411xe.o
SVC_Handler                                       build/startup_stm32f411xe.o
SysTick_Handler                                   build/delay.o
SysTick_Init                                      build/delay.o
                                                  build/main.o
SystemCoreClock                                   build/system_stm32f4xx.o
                                                  build/clock.o
                                                  build/delay.o
SystemInit                                        build/system_stm32f4xx.o
                                                  build/startup_stm32f411xe.o
TAMP_STAMP_IRQHandler                             build/startup_stm32f411xe.o
TIM1_BRK_TIM9_IRQHandler                          build/startup_stm32f411xe.o
TIM1_CC_IRQHandler                                build/startup_stm32f411xe.o
TIM1_TRG_COM_TIM11_IRQHandler                     build/startup_stm32f411xe.o
TIM1_UP_TIM10_IRQHandler                          build/startup_stm32f411xe.o
TIM2_IRQHandler                                   build/startup_stm32f411xe.o
TIM3_IRQHandler                                   build/startup_stm32f411xe.o
TIM4_IRQHandler                                   build/startup_stm32f411xe.o
TIM5_IRQHandler                                   build/startup_stm32f411xe.o
USART1_IRQHandler                                 build/startup_stm32f411xe.o
USART2_GetChar                                    build/usart.o
USART2_IRQHandler                                 build/startup_stm32f411xe.o
USART2_Init                                       build/usart.o
                                                  build/modbus_port.o
                                                  build/rs485.o
USART2_SendChar                                   build/usart.o
                                                  build/syscalls.o
                                                  build/rs485.o
USART2_SendString                                 build/usart.o
                                                  build/main.o
USART6_IRQHandler                                 build/startup_stm32f411xe.o
UsageFault_Handler                                build/startup_stm32f411xe.o
WWDG_IRQHandler                                   build/startup_stm32f411xe.o
_ITM_deregisterTMCloneTable                       /usr/lib/gcc/arm-none-eabi/14.2.1/thumb/v7e-m+fp/hard/crtbegin.o
_ITM_registerTMCloneTable                         /usr/lib/gcc/arm-none-eabi/14.2.1/thumb/v7e-m+fp/hard/crtbegin.o
__TMC_END__                                       /usr/lib/gcc/arm-none-eabi/14.2.1/thumb/v7e-m+fp/hard/crtend.o
                                                  /usr/lib/gcc/arm-none-eabi/14.2.1/thumb/v7e-m+fp/hard/crtbegin.o
__atexit                                          /usr/lib/gcc/arm-none-eabi/14.2.1/../../../arm-none-eabi/lib/thumb/v7e-m+fp/hard/libc_nano.a(libc_a-__call_atexit.o)
                                                  /usr/lib/gcc/arm-none-eabi/14.2.1/../../../arm-none-eabi/lib/thumb/v7e-m+fp/hard/libc_nano.a(libc_a-__atexit.o)
__atexit0                                         /usr/lib/gcc/arm-none-eabi/14.2.1/../../../arm-none-eabi/lib/thumb/v7e-m+fp/hard/libc_nano.a(libc_a-__atexit.o)
__atexit_dummy                                    /usr/lib/gcc/arm-none-eabi/14.2.1/../../../arm-none-eabi/lib/thumb/v7e-m+fp/hard/libc_nano.a(libc_a-__atexit.o)
__bss_end__                                       /usr/lib/gcc/arm-none-eabi/14.2.1/../../../arm-none-eabi/lib/thumb/v7e-m+fp/hard/crt0.o
__bss_start__                                     /usr/lib/gcc/arm-none-eabi/14.2.1/../../../arm-none-eabi/lib/thumb/v7e-m+fp/hard/crt0.o
__call_exitprocs                                  /usr/lib/gcc/arm-none-eabi/14.2.1/../../../arm-none-eabi/lib/thumb/v7e-m+fp/hard/libc_nano.a(libc_a-__call_atexit.o)
                                                  /usr/lib/gcc/arm-none-eabi/14.2.1/../../../arm-none-eabi/lib/thumb/v7e-m+fp/hard/libc_nano.a(libc_a-__atexit.o)
                                                  /usr/lib/gcc/arm-none-eabi/14.2.1/../../../arm-none-eabi/lib/thumb/v7e-m+fp/hard/libc_nano.a(libc_a-exit.o)
__deregister_frame_info                           /usr/lib/gcc/arm-none-eabi/14.2.1/thumb/v7e-m+fp/hard/crtbegin.o
__dso_handle                                      /usr/lib/gcc/arm-none-eabi/14.2.1/thumb/v7e-m+fp/hard/crtbegin.o
__errno                                           /usr/lib/gcc/arm-none-eabi/14.2.1/../../../arm-none-eabi/lib/thumb/v7e-m+fp/hard/libc_nano.a(libc_a-errno.o)
                                                  build/syscalls.o
__fini_array_end                                  /usr/lib/gcc/arm-none-eabi/14.2.1/../../../arm-none-eabi/lib/thumb/v7e-m+fp/hard/libc_nano.a(libc_a-fini.o)
__fini_array_start                                /usr/lib/gcc/arm-none-eabi/14.2.1/../../../arm-none-eabi/lib/thumb/v7e-m+fp/hard/libc_nano.a(libc_a-fini.o)
__fp_lock_all                                     /usr/lib/gcc/arm-none-eabi/14.2.1/../../../arm-none-eabi/lib/thumb/v7e-m+fp/hard/libc_nano.a(libc_a-findfp.o)
__fp_unlock_all                                   /usr/lib/gcc/arm-none-eabi/14.2.1/../../../arm-none-eabi/lib/thumb/v7e-m+fp/hard/libc_nano.a(libc_a-findfp.o)
__init_array_end                                  /usr/lib/gcc/arm-none-eabi/14.2.1/../../../arm-none-eabi/lib/thumb/v7e-m+fp/hard/libc_nano.a(libc_a-init.o)
__init_array_start                                /usr/lib/gcc/arm-none-eabi/14.2.1/../../../arm-none-eabi/lib/thumb/v7e-m+fp/hard/libc_nano.a(libc_a-init.o)
__libc_fini_array                                 /usr/lib/gcc/arm-none-eabi/14.2.1/../../../arm-none-eabi/lib/thumb/v7e-m+fp/hard/libc_nano.a(libc_a-fini.o)
                                                  /usr/lib/gcc/arm-none-eabi/14.2.1/../../../arm-none-eabi/lib/thumb/v7e-m+fp/hard/crt0.o
__libc_init_array                                 /usr/lib/gcc/arm-none-eabi/14.2.1/../../../arm-none-eabi/lib/thumb/v7e-m+fp/hard/libc_nano.a(libc_a-init.o)
                                                  build/startup_stm32f411xe.o
                                                  /usr/lib/gcc/arm-none-eabi/14.2.1/../../../arm-none-eabi/lib/thumb/v7e-m+fp/hard/crt0.o
__malloc_free_list                                /usr/lib/gcc/arm-none-eabi/14.2.1/../../../arm-none-eabi/lib/thumb/v7e-m+fp/hard/libc_nano.a(libc_a-mallocr.o)
                                                  /usr/lib/gcc/arm-none-eabi/14.2.1/../../../arm-none-eabi/lib/thumb/v7e-m+fp/hard/libc_nano.a(libc_a-freer.o)
__malloc_lock                                     /usr/lib/gcc/arm-none-eabi/14.2.1/../../../arm-none-eabi/lib/thumb/v7e-m+fp/hard/libc_nano.a(libc_a-mlock.o)
                                                  /usr/lib/gcc/arm-none-eabi/14.2.1/../../../arm-none-eabi/lib/thumb/v7e-m+fp/hard/libc_nano.a(libc_a-freer.o)
                                                  /usr/lib/gcc/arm-none-eabi/14.2.1/../../../arm-none-eabi/lib/thumb/v7e-m+fp/hard/libc_nano.a(libc_a-mallocr.o)
__malloc_sbrk_start                               /usr/lib/gcc/arm-none-eabi/14.2.1/../../../arm-none-eabi/lib/thumb/v7e-m+fp/hard/libc_nano.a(libc_a-mallocr.o)
__malloc_unlock                                   /usr/lib/gcc/arm-none-eabi/14.2.1/../../../arm-none-eabi/lib/thumb/v7e-m+fp/hard/libc_nano.a(libc_a-mlock.o)
                                                  /usr/lib/gcc/arm-none-eabi/14.2.1/../../../arm-none-eabi/lib/thumb/v7e-m+fp/hard/libc_nano.a(libc_a-freer.o)
                                                  /usr/lib/gcc/arm-none-eabi/14.2.1/../../../arm-none-eabi/lib/thumb/v7e-m+fp/hard/libc_nano.a(libc_a-mallocr.o)
__on_exit_args                                    /usr/lib/gcc/arm-none-eabi/14.2.1/../../../arm-none-eabi/lib/thumb/v7e-m+fp/hard/libc_nano.a(libc_a-__atexit.o)
__preinit_array_end                               /usr/lib/gcc/arm-none-eabi/14.2.1/../../../arm-none-eabi/lib/thumb/v7e-m+fp/hard/libc_nano.a(libc_a-init.o)
__preinit_array_start                             /usr/lib/gcc/arm-none-eabi/14.2.1/../../../arm-none-eabi/lib/thumb/v7e-m+fp/hard/libc_nano.a(libc_a-init.o)
__register_exitproc                               /usr/lib/gcc/arm-none-eabi/14.2.1/../../../arm-none-eabi/lib/thumb/v7e-m+fp/hard/libc_nano.a(libc_a-__atexit.o)
                                                  /usr/lib/gcc/arm-none-eabi/14.2.1/../../../arm-none-eabi/lib/thumb/v7e-m+fp/hard/libc_nano.a(libc_a-atexit.o)
__register_frame_info                             /usr/lib/gcc/arm-none-eabi/14.2.1/thumb/v7e-m+fp/hard/crtbegin.o
__sclose                                          /usr/lib/gcc/arm-none-eabi/14.2.1/../../../arm-none-eabi/lib/thumb/v7e-m+fp/hard/libc_nano.a(libc_a-stdio.o)
                                                  /usr/lib/gcc/arm-none-eabi/14.2.1/../../../arm-none-eabi/lib/thumb/v7e-m+fp/hard/libc_nano.a(libc_a-findfp.o)
__seofread                                        /usr/lib/gcc/arm-none-eabi/14.2.1/../../../arm-none-eabi/lib/thumb/v7e-m+fp/hard/libc_nano.a(libc_a-stdio.o)
__sf                                              /usr/lib/gcc/arm-none-eabi/14.2.1/../../../arm-none-eabi/lib/thumb/v7e-m+fp/hard/libc_nano.a(libc_a-findfp.o)
                                                  /usr/lib/gcc/arm-none-eabi/14.2.1/../../../arm-none-eabi/lib/thumb/v7e-m+fp/hard/libc_nano.a(libc_a-impure.o)
__sflush_r                                        /usr/lib/gcc/arm-none-eabi/14.2.1/../../../arm-none-eabi/lib/thumb/v7e-m+fp/hard/libc_nano.a(libc_a-fflush.o)
__sfp                                             /usr/lib/gcc/arm-none-eabi/14.2.1/../../../arm-none-eabi/lib/thumb/v7e-m+fp/hard/libc_nano.a(libc_a-findfp.o)
__sfp_lock_acquire                                /usr/lib/gcc/arm-none-eabi/14.2.1/../../../arm-none-eabi/lib/thumb/v7e-m+fp/hard/libc_nano.a(libc_a-findfp.o)
__sfp_lock_release                                /usr/lib/gcc/arm-none-eabi/14.2.1/../../../arm-none-eabi/lib/thumb/v7e-m+fp/hard/libc_nano.a(libc_a-findfp.o)
__sglue                                           /usr/lib/gcc/arm-none-eabi/14.2.1/../../../arm-none-eabi/lib/thumb/v7e-m+fp/hard/libc_nano.a(libc_a-findfp.o)
                                                  /usr/lib/gcc/arm-none-eabi/14.2.1/../../../arm-none-eabi/lib/thumb/v7e-m+fp/hard/libc_nano.a(libc_a-fflush.o)
__sinit                                           /usr/lib/gcc/arm-none-eabi/14.2.1/../../../arm-none-eabi/lib/thumb/v7e-m+fp/hard/libc_nano.a(libc_a-findfp.o)
                                                  /usr/lib/gcc/arm-none-eabi/14.2.1/../../../arm-none-eabi/lib/thumb/v7e-m+fp/hard/libc_nano.a(libc_a-fflush.o)
__sread                                           /usr/lib/gcc/arm-none-eabi/14.2.1/../../../arm-none-eabi/lib/thumb/v7e-m+fp/hard/libc_nano.a(libc_a-stdio.o)
                                                  /usr/lib/gcc/arm-none-eabi/14.2.1/../../../arm-none-eabi/lib/thumb/v7e-m+fp/hard/libc_nano.a(libc_a-findfp.o)
__sseek                                           /usr/lib/gcc/arm-none-eabi/14.2.1/../../../arm-none-eabi/lib/thumb/v7e-m+fp/hard/libc_nano.a(libc_a-stdio.o)
                                                  /usr/lib/gcc/arm-none-eabi/14.2.1/../../../arm-none-eabi/lib/thumb/v7e-m+fp/hard/libc_nano.a(libc_a-findfp.o)
__stack                                           /usr/lib/gcc/arm-none-eabi/14.2.1/../../../arm-none-eabi/lib/thumb/v7e-m+fp/hard/crt0.o
__stdio_exit_handler                              /usr/lib/gcc/arm-none-eabi/14.2.1/../../../arm-none-eabi/lib/thumb/v7e-m+fp/hard/libc_nano.a(libc_a-findfp.o)
                                                  /usr/lib/gcc/arm-none-eabi/14.2.1/../../../arm-none-eabi/lib/thumb/v7e-m+fp/hard/libc_nano.a(libc_a-exit.o)
__swrite                                          /usr/lib/gcc/arm-none-eabi/14.2.1/../../../arm-none-eabi/lib/thumb/v7e-m+fp/hard/libc_nano.a(libc_a-stdio.o)
                                                  /usr/lib/gcc/arm-none-eabi/14.2.1/../../../arm-none-eabi/lib/thumb/v7e-m+fp/hard/libc_nano.a(libc_a-findfp.o)
_close                                            build/syscalls.o
                                                  /usr/lib/gcc/arm-none-eabi/14.2.1/../../../arm-none-eabi/lib/thumb/v7e-m+fp/hard/libc_nano.a(libc_a-closer.o)
_close_r                                          /usr/lib/gcc/arm-none-eabi/14.2.1/../../../arm-none-eabi/lib/thumb/v7e-m+fp/hard/libc_nano.a(libc_a-closer.o)
                                                  /usr/lib/gcc/arm-none-eabi/14.2.1/../../../arm-none-eabi/lib/thumb/v7e-m+fp/hard/libc_nano.a(libc_a-stdio.o)
_ebss                                             build/startup_stm32f411xe.o
_edata                                            build/startup_stm32f411xe.o
_estack                                           build/startup_stm32f411xe.o
_exit                                             build/syscalls.o
                                                  /usr/lib/gcc/arm-none-eabi/14.2.1/../../../arm-none-eabi/lib/thumb/v7e-m+fp/hard/libc_nano.a(libc_a-exit.o)
_fflush_r                                         /usr/lib/gcc/arm-none-eabi/14.2.1/../../../arm-none-eabi/lib/thumb/v7e-m+fp/hard/libc_nano.a(libc_a-fflush.o)
                                                  /usr/lib/gcc/arm-none-eabi/14.2.1/../../../arm-none-eabi/lib/thumb/v7e-m+fp/hard/libc_nano.a(libc_a-findfp.o)
_fini                                             /usr/lib/gcc/arm-none-eabi/14.2.1/thumb/v7e-m+fp/hard/crti.o
                                                  /usr/lib/gcc/arm-none-eabi/14.2.1/../../../arm-none-eabi/lib/thumb/v7e-m+fp/hard/libc_nano.a(libc_a-fini.o)
_free_r                                           /usr/lib/gcc/arm-none-eabi/14.2.1/../../../arm-none-eabi/lib/thumb/v7e-m+fp/hard/libc_nano.a(libc_a-freer.o)
                                                  /usr/lib/gcc/arm-none-eabi/14.2.1/../../../arm-none-eabi/lib/thumb/v7e-m+fp/hard/libc_nano.a(libc_a-reent.o)
                                                  /usr/lib/gcc/arm-none-eabi/14.2.1/../../../arm-none-eabi/lib/thumb/v7e-m+fp/hard/libc_nano.a(libc_a-fflush.o)
_fstat                                            build/syscalls.o
_fwalk_sglue                                      /usr/lib/gcc/arm-none-eabi/14.2.1/../../../arm-none-eabi/lib/thumb/v7e-m+fp/hard/libc_nano.a(libc_a-fwalk.o)
                                                  /usr/lib/gcc/arm-none-eabi/14.2.1/../../../arm-none-eabi/lib/thumb/v7e-m+fp/hard/libc_nano.a(libc_a-fflush.o)
                                                  /usr/lib/gcc/arm-none-eabi/14.2.1/../../../arm-none-eabi/lib/thumb/v7e-m+fp/hard/libc_nano.a(libc_a-findfp.o)
_getpid                                           build/syscalls.o
_impure_data                                      /usr/lib/gcc/arm-none-eabi/14.2.1/../../../arm-none-eabi/lib/thumb/v7e-m+fp/hard/libc_nano.a(libc_a-impure.o)
                                                  /usr/lib/gcc/arm-none-eabi/14.2.1/../../../arm-none-eabi/lib/thumb/v7e-m+fp/hard/libc_nano.a(libc_a-fflush.o)
                                                  /usr/lib/gcc/arm-none-eabi/14.2.1/../../../arm-none-eabi/lib/thumb/v7e-m+fp/hard/libc_nano.a(libc_a-findfp.o)
_impure_ptr                                       /usr/lib/gcc/arm-none-eabi/14.2.1/../../../arm-none-eabi/lib/thumb/v7e-m+fp/hard/libc_nano.a(libc_a-impure.o)
                                                  /usr/lib/gcc/arm-none-eabi/14.2.1/../../../arm-none-eabi/lib/thumb/v7e-m+fp/hard/libc_nano.a(libc_a-reent.o)
                                                  /usr/lib/gcc/arm-none-eabi/14.2.1/../../../arm-none-eabi/lib/thumb/v7e-m+fp/hard/libc_nano.a(libc_a-fflush.o)
                                                  /usr/lib/gcc/arm-none-eabi/14.2.1/../../../arm-none-eabi/lib/thumb/v7e-m+fp/hard/libc_nano.a(libc_a-errno.o)
_init                                             /usr/lib/gcc/arm-none-eabi/14.2.1/thumb/v7e-m+fp/hard/crti.o
                                                  /usr/lib/gcc/arm-none-eabi/14.2.1/../../../arm-none-eabi/lib/thumb/v7e-m+fp/hard/libc_nano.a(libc_a-init.o)
_isatty                                           build/syscalls.o
_kill                                             build/syscalls.o
_lseek                                            build/syscalls.o
                                                  /usr/lib/gcc/arm-none-eabi/14.2.1/../../../arm-none-eabi/lib/thumb/v7e-m+fp/hard/libc_nano.a(libc_a-lseekr.o)
_lseek_r                                          /usr/lib/gcc/arm-none-eabi/14.2.1/../../../arm-none-eabi/lib/thumb/v7e-m+fp/hard/libc_nano.a(libc_a-lseekr.o)
                                                  /usr/lib/gcc/arm-none-eabi/14.2.1/../../../arm-none-eabi/lib/thumb/v7e-m+fp/hard/libc_nano.a(libc_a-stdio.o)
_mainCRTStartup                                   /usr/lib/gcc/arm-none-eabi/14.2.1/../../../arm-none-eabi/lib/thumb/v7e-m+fp/hard/crt0.o
_malloc_r                                         /usr/lib/gcc/arm-none-eabi/14.2.1/../../../arm-none-eabi/lib/thumb/v7e-m+fp/hard/libc_nano.a(libc_a-mallocr.o)
                                                  /usr/lib/gcc/arm-none-eabi/14.2.1/../../../arm-none-eabi/lib/thumb/v7e-m+fp/hard/libc_nano.a(libc_a-findfp.o)
_read                                             build/syscalls.o
                                                  /usr/lib/gcc/arm-none-eabi/14.2.1/../../../arm-none-eabi/lib/thumb/v7e-m+fp/hard/libc_nano.a(libc_a-readr.o)
_read_r                                           /usr/lib/gcc/arm-none-eabi/14.2.1/../../../arm-none-eabi/lib/thumb/v7e-m+fp/hard/libc_nano.a(libc_a-readr.o)
                                                  /usr/lib/gcc/arm-none-eabi/14.2.1/../../../arm-none-eabi/lib/thumb/v7e-m+fp/hard/libc_nano.a(libc_a-stdio.o)
_reclaim_reent                                    /usr/lib/gcc/arm-none-eabi/14.2.1/../../../arm-none-eabi/lib/thumb/v7e-m+fp/hard/libc_nano.a(libc_a-reent.o)
_sbrk                                             build/syscalls.o
                                                  /usr/lib/gcc/arm-none-eabi/14.2.1/../../../arm-none-eabi/lib/thumb/v7e-m+fp/hard/libc_nano.a(libc_a-sbrkr.o)
_sbrk_r                                           /usr/lib/gcc/arm-none-eabi/14.2.1/../../../arm-none-eabi/lib/thumb/v7e-m+fp/hard/libc_nano.a(libc_a-sbrkr.o)
                                                  /usr/lib/gcc/arm-none-eabi/14.2.1/../../../arm-none-eabi/lib/thumb/v7e-m+fp/hard/libc_nano.a(libc_a-mallocr.o)
_sbss                                             build/startup_stm32f411xe.o
_sdata                                            build/startup_stm32f411xe.o
_sidata                                           build/startup_stm32f411xe.o
_stack_init                                       /usr/lib/gcc/arm-none-eabi/14.2.1/../../../arm-none-eabi/lib/thumb/v7e-m+fp/hard/crt0.o
_start                                            /usr/lib/gcc/arm-none-eabi/14.2.1/../../../arm-none-eabi/lib/thumb/v7e-m+fp/hard/crt0.o
_write                                            build/syscalls.o
                                                  /usr/lib/gcc/arm-none-eabi/14.2.1/../../../arm-none-eabi/lib/thumb/v7e-m+fp/hard/libc_nano.a(libc_a-writer.o)
_write_r                                          /usr/lib/gcc/arm-none-eabi/14.2.1/../../../arm-none-eabi/lib/thumb/v7e-m+fp/hard/libc_nano.a(libc_a-writer.o)
                                                  /usr/lib/gcc/arm-none-eabi/14.2.1/../../../arm-none-eabi/lib/thumb/v7e-m+fp/hard/libc_nano.a(libc_a-stdio.o)
atexit                                            /usr/lib/gcc/arm-none-eabi/14.2.1/../../../arm-none-eabi/lib/thumb/v7e-m+fp/hard/libc_nano.a(libc_a-atexit.o)
                                                  /usr/lib/gcc/arm-none-eabi/14.2.1/../../../arm-none-eabi/lib/thumb/v7e-m+fp/hard/crt0.o
clock_init                                        build/clock.o
delay_ms                                          build/delay.o
eMBClose                                          build/mb.o
eMBDisable                                        build/mb.o
eMBEnable                                         build/mb.o
                                                  build/main.o
eMBFuncReadCoils                                  build/mbfunccoils.o
                                                  build/mb.o
eMBFuncReadDiscreteInputs                         build/mbfuncdisc.o
                                                  build/mb.o
eMBFuncReadHoldingRegister                        build/mbfuncholding.o
                                                  build/mb.o
eMBFuncReadInputRegister                          build/mbfuncinput.o
                                                  build/mb.o
eMBFuncReadWriteMultipleHoldingRegister           build/mbfuncholding.o
                                                  build/mb.o
eMBFuncReportSlaveID                              build/mbfuncother.o
                                                  build/mb.o
eMBFuncWriteCoil                                  build/mbfunccoils.o
                                                  build/mb.o
eMBFuncWriteHoldingRegister                       build/mbfuncholding.o
                                                  build/mb.o
eMBFuncWriteMultipleCoils                         build/mbfunccoils.o
                                                  build/mb.o
eMBFuncWriteMultipleHoldingRegister               build/mbfuncholding.o
                                                  build/mb.o
eMBInit                                           build/mb.o
                                                  build/main.o
eMBPoll                                           build/mb.o
                                                  build/main.o
eMBRTUInit                                        build/mbrtu.o
                                                  build/mb.o
eMBRTUReceive                                     build/mbrtu.o
                                                  build/mb.o
eMBRTUSend                                        build/mbrtu.o
                                                  build/mb.o
eMBRTUStart                                       build/mbrtu.o
                                                  build/mb.o
eMBRTUStop                                        build/mbrtu.o
                                                  build/mb.o
eMBRegCoilsCB                                     build/user_mb_app.o
                                                  build/mbfunccoils.o
eMBRegDiscreteCB                                  build/user_mb_app.o
                                                  build/mbfuncdisc.o
eMBRegHoldingCB                                   build/user_mb_app.o
                                                  build/mbfuncholding.o
eMBRegInputCB                                     build/user_mb_app.o
                                                  build/mbfuncinput.o
eMBRegisterCB                                     build/mb.o
eMBSetSlaveID                                     build/mbfuncother.o
errno                                             /usr/lib/gcc/arm-none-eabi/14.2.1/../../../arm-none-eabi/lib/thumb/v7e-m+fp/hard/libc_nano.a(libc_a-reent.o)
                                                  /usr/lib/gcc/arm-none-eabi/14.2.1/../../../arm-none-eabi/lib/thumb/v7e-m+fp/hard/libc_nano.a(libc_a-lseekr.o)
                                                  /usr/lib/gcc/arm-none-eabi/14.2.1/../../../arm-none-eabi/lib/thumb/v7e-m+fp/hard/libc_nano.a(libc_a-closer.o)
                                                  /usr/lib/gcc/arm-none-eabi/14.2.1/../../../arm-none-eabi/lib/thumb/v7e-m+fp/hard/libc_nano.a(libc_a-writer.o)
                                                  /usr/lib/gcc/arm-none-eabi/14.2.1/../../../arm-none-eabi/lib/thumb/v7e-m+fp/hard/libc_nano.a(libc_a-readr.o)
                                                  /usr/lib/gcc/arm-none-eabi/14.2.1/../../../arm-none-eabi/lib/thumb/v7e-m+fp/hard/libc_nano.a(libc_a-sbrkr.o)
exit                                              /usr/lib/gcc/arm-none-eabi/14.2.1/../../../arm-none-eabi/lib/thumb/v7e-m+fp/hard/libc_nano.a(libc_a-exit.o)
                                                  /usr/lib/gcc/arm-none-eabi/14.2.1/../../../arm-none-eabi/lib/thumb/v7e-m+fp/hard/crt0.o
fflush                                            /usr/lib/gcc/arm-none-eabi/14.2.1/../../../arm-none-eabi/lib/thumb/v7e-m+fp/hard/libc_nano.a(libc_a-fflush.o)
g_pfnVectors                                      build/startup_stm32f411xe.o
hardware_init_hook                                /usr/lib/gcc/arm-none-eabi/14.2.1/../../../arm-none-eabi/lib/thumb/v7e-m+fp/hard/crt0.o
main                                              build/main.o
                                                  build/startup_stm32f411xe.o
                                                  /usr/lib/gcc/arm-none-eabi/14.2.1/../../../arm-none-eabi/lib/thumb/v7e-m+fp/hard/crt0.o
malloc                                            /usr/lib/gcc/arm-none-eabi/14.2.1/../../../arm-none-eabi/lib/thumb/v7e-m+fp/hard/libc_nano.a(libc_a-__atexit.o)
memcpy                                            /usr/lib/gcc/arm-none-eabi/14.2.1/../../../arm-none-eabi/lib/thumb/v7e-m+fp/hard/libc_nano.a(libc_a-memcpy.o)
                                                  build/mbfuncother.o
memset                                            /usr/lib/gcc/arm-none-eabi/14.2.1/../../../arm-none-eabi/lib/thumb/v7e-m+fp/hard/libc_nano.a(libc_a-memset.o)
                                                  /usr/lib/gcc/arm-none-eabi/14.2.1/../../../arm-none-eabi/lib/thumb/v7e-m+fp/hard/libc_nano.a(libc_a-findfp.o)
                                                  /usr/lib/gcc/arm-none-eabi/14.2.1/../../../arm-none-eabi/lib/thumb/v7e-m+fp/hard/crt0.o
prveMBError2Exception                             build/mbutils.o
                                                  build/mbfuncdisc.o
                                                  build/mbfunccoils.o
                                                  build/mbfuncinput.o
                                                  build/mbfuncholding.o
pxMBFrameCBByteReceived                           build/mb.o
                                                  build/modbus_port.o
pxMBFrameCBReceiveFSMCur                          build/mb.o
pxMBFrameCBTransmitFSMCur                         build/mb.o
pxMBFrameCBTransmitterEmpty                       build/mb.o
                                                  build/modbus_port.o
pxMBPortCBTimerExpired                            build/mb.o
                                                  build/modbus_port.o
software_init_hook                                /usr/lib/gcc/arm-none-eabi/14.2.1/../../../arm-none-eabi/lib/thumb/v7e-m+fp/hard/crt0.o
ucRTUBuf                                          build/mbrtu.o
ucSCoilBuf                                        build/user_mb_app.o
ucSDiscInBuf                                      build/user_mb_app.o
usMBCRC16                                         build/mbcrc.o
                                                  build/mbrtu.o
usSCoilStart                                      build/user_mb_app.o
usSDiscInStart                                    build/user_mb_app.o
usSRegHoldBuf                                     build/user_mb_app.o
usSRegHoldStart                                   build/user_mb_app.o
usSRegInBuf                                       build/user_mb_app.o
usSRegInStart                                     build/user_mb_app.o
vMBPortClose                                      build/modbus_port.o
vMBPortSerialEnable                               build/modbus_port.o
                                                  build/mbrtu.o
vMBPortSerialPoll                                 build/modbus_port.o
                                                  build/main.o
vMBPortTimersDisable                              build/modbus_port.o
                                                  build/mbrtu.o
vMBPortTimersEnable                               build/modbus_port.o
                                                  build/mbrtu.o
xMBPortEventGet                                   build/modbus_port.o
                                                  build/mb.o
xMBPortEventInit                                  build/modbus_port.o
                                                  build/mb.o
xMBPortEventPost                                  build/modbus_port.o
                                                  build/mbrtu.o
                                                  build/mb.o
xMBPortSerialClose                                build/modbus_port.o
xMBPortSerialGetByte                              build/modbus_port.o
                                                  build/mbrtu.o
xMBPortSerialInit                                 build/modbus_port.o
                                                  build/mbrtu.o
xMBPortSerialPutByte                              build/modbus_port.o
                                                  build/mbrtu.o
xMBPortTimersClose                                build/modbus_port.o
xMBPortTimersInit                                 build/modbus_port.o
                                                  build/mbrtu.o
xMBRTUReceiveFSM                                  build/mbrtu.o
                                                  build/mb.o
xMBRTUTimerT35Expired                             build/mbrtu.o
                                                  build/mb.o
xMBRTUTransmitFSM                                 build/mbrtu.o
                                                  build/mb.o
xMBUtilGetBits                                    build/mbutils.o
                                                  build/user_mb_app.o
xMBUtilSetBits                                    build/mbutils.o
                                                  build/user_mb_app.o
